// Jest Snapshot v1, https://goo.gl/fbAQLP

exports[`UserList MessageList test with snapshot (message list with 3 messages) 1`] = `
<div
  className="list-group"
  onKeyDown={[Function]}
>
  <div
    className="list-group-item"
    data-rb-event-key={null}
    disabled={false}
    onClick={[Function]}
  >
    <span>
      first
    </span>
    <button
      className="btn btn-outline-success"
      disabled={false}
      onClick={[Function]}
      type="button"
    >
      <svg
        aria-hidden="true"
        className="svg-inline--fa fa-plus fa-w-14 "
        data-icon="plus"
        data-prefix="fas"
        focusable="false"
        role="img"
        style={Object {}}
        viewBox="0 0 448 512"
        xmlns="http://www.w3.org/2000/svg"
      >
        <path
          d="M416 208H272V64c0-17.67-14.33-32-32-32h-32c-17.67 0-32 14.33-32 32v144H32c-17.67 0-32 14.33-32 32v32c0 17.67 14.33 32 32 32h144v144c0 17.67 14.33 32 32 32h32c17.67 0 32-14.33 32-32V304h144c17.67 0 32-14.33 32-32v-32c0-17.67-14.33-32-32-32z"
          fill="currentColor"
          style={Object {}}
        />
      </svg>
    </button>
  </div>
  <div
    className="list-group-item"
    data-rb-event-key={null}
    disabled={false}
    onClick={[Function]}
  >
    <span>
      second
    </span>
    <button
      className="btn btn-outline-success"
      disabled={false}
      onClick={[Function]}
      type="button"
    >
      <svg
        aria-hidden="true"
        className="svg-inline--fa fa-plus fa-w-14 "
        data-icon="plus"
        data-prefix="fas"
        focusable="false"
        role="img"
        style={Object {}}
        viewBox="0 0 448 512"
        xmlns="http://www.w3.org/2000/svg"
      >
        <path
          d="M416 208H272V64c0-17.67-14.33-32-32-32h-32c-17.67 0-32 14.33-32 32v144H32c-17.67 0-32 14.33-32 32v32c0 17.67 14.33 32 32 32h144v144c0 17.67 14.33 32 32 32h32c17.67 0 32-14.33 32-32V304h144c17.67 0 32-14.33 32-32v-32c0-17.67-14.33-32-32-32z"
          fill="currentColor"
          style={Object {}}
        />
      </svg>
    </button>
  </div>
  <div
    className="list-group-item"
    data-rb-event-key={null}
    disabled={false}
    onClick={[Function]}
  >
    <span>
      second
    </span>
    <button
      className="btn btn-outline-success"
      disabled={false}
      onClick={[Function]}
      type="button"
    >
      <svg
        aria-hidden="true"
        className="svg-inline--fa fa-plus fa-w-14 "
        data-icon="plus"
        data-prefix="fas"
        focusable="false"
        role="img"
        style={Object {}}
        viewBox="0 0 448 512"
        xmlns="http://www.w3.org/2000/svg"
      >
        <path
          d="M416 208H272V64c0-17.67-14.33-32-32-32h-32c-17.67 0-32 14.33-32 32v144H32c-17.67 0-32 14.33-32 32v32c0 17.67 14.33 32 32 32h144v144c0 17.67 14.33 32 32 32h32c17.67 0 32-14.33 32-32V304h144c17.67 0 32-14.33 32-32v-32c0-17.67-14.33-32-32-32z"
          fill="currentColor"
          style={Object {}}
        />
      </svg>
    </button>
  </div>
</div>
`;

exports[`UserList UserList test with snapshot (empty user list) 1`] = `
<div
  className="list-group"
  onKeyDown={[Function]}
/>
`;

exports[`UserList UserList test with snapshot (user list with 3 messages) 1`] = `
<div
  className="list-group"
  onKeyDown={[Function]}
>
  <div
    className="list-group-item"
    data-rb-event-key={null}
    disabled={false}
    onClick={[Function]}
  >
    <span>
      first
    </span>
    <button
      className="btn btn-outline-success"
      disabled={false}
      onClick={[Function]}
      type="button"
    >
      <svg
        aria-hidden="true"
        className="svg-inline--fa fa-plus fa-w-14 "
        data-icon="plus"
        data-prefix="fas"
        focusable="false"
        role="img"
        style={Object {}}
        viewBox="0 0 448 512"
        xmlns="http://www.w3.org/2000/svg"
      >
        <path
          d="M416 208H272V64c0-17.67-14.33-32-32-32h-32c-17.67 0-32 14.33-32 32v144H32c-17.67 0-32 14.33-32 32v32c0 17.67 14.33 32 32 32h144v144c0 17.67 14.33 32 32 32h32c17.67 0 32-14.33 32-32V304h144c17.67 0 32-14.33 32-32v-32c0-17.67-14.33-32-32-32z"
          fill="currentColor"
          style={Object {}}
        />
      </svg>
    </button>
  </div>
  <div
    className="list-group-item"
    data-rb-event-key={null}
    disabled={false}
    onClick={[Function]}
  >
    <span>
      second
    </span>
    <button
      className="btn btn-outline-success"
      disabled={false}
      onClick={[Function]}
      type="button"
    >
      <svg
        aria-hidden="true"
        className="svg-inline--fa fa-plus fa-w-14 "
        data-icon="plus"
        data-prefix="fas"
        focusable="false"
        role="img"
        style={Object {}}
        viewBox="0 0 448 512"
        xmlns="http://www.w3.org/2000/svg"
      >
        <path
          d="M416 208H272V64c0-17.67-14.33-32-32-32h-32c-17.67 0-32 14.33-32 32v144H32c-17.67 0-32 14.33-32 32v32c0 17.67 14.33 32 32 32h144v144c0 17.67 14.33 32 32 32h32c17.67 0 32-14.33 32-32V304h144c17.67 0 32-14.33 32-32v-32c0-17.67-14.33-32-32-32z"
          fill="currentColor"
          style={Object {}}
        />
      </svg>
    </button>
  </div>
  <div
    className="list-group-item"
    data-rb-event-key={null}
    disabled={false}
    onClick={[Function]}
  >
    <span>
      second
    </span>
    <button
      className="btn btn-outline-success"
      disabled={false}
      onClick={[Function]}
      type="button"
    >
      <svg
        aria-hidden="true"
        className="svg-inline--fa fa-plus fa-w-14 "
        data-icon="plus"
        data-prefix="fas"
        focusable="false"
        role="img"
        style={Object {}}
        viewBox="0 0 448 512"
        xmlns="http://www.w3.org/2000/svg"
      >
        <path
          d="M416 208H272V64c0-17.67-14.33-32-32-32h-32c-17.67 0-32 14.33-32 32v144H32c-17.67 0-32 14.33-32 32v32c0 17.67 14.33 32 32 32h144v144c0 17.67 14.33 32 32 32h32c17.67 0 32-14.33 32-32V304h144c17.67 0 32-14.33 32-32v-32c0-17.67-14.33-32-32-32z"
          fill="currentColor"
          style={Object {}}
        />
      </svg>
    </button>
  </div>
</div>
`;
